// Jest Snapshot v1, https://goo.gl/fbAQLP

exports[`Button Rendering should match to snapshot 1`] = `ReactWrapper {}`;

exports[`Button Rendering should match to snapshot 2 1`] = `ShallowWrapper {}`;
